d:\神秘大学生专用文件夹\c++程序设计\c++大作业\cubeattack\cubeattack\x64\debug\vc143.pdb
d:\神秘大学生专用文件夹\c++程序设计\c++大作业\cubeattack\cubeattack\x64\debug\vc143.idb
d:\神秘大学生专用文件夹\c++程序设计\c++大作业\cubeattack\cubeattack\x64\debug\cheat solution.obj
d:\神秘大学生专用文件夹\c++程序设计\c++大作业\cubeattack\cubeattack\x64\debug\utils.obj
d:\神秘大学生专用文件夹\c++程序设计\c++大作业\cubeattack\cubeattack\x64\debug\pathfinding.obj
d:\神秘大学生专用文件夹\c++程序设计\c++大作业\cubeattack\cubeattack\x64\debug\map.obj
d:\神秘大学生专用文件夹\c++程序设计\c++大作业\cubeattack\cubeattack\x64\debug\main.obj
d:\神秘大学生专用文件夹\c++程序设计\c++大作业\cubeattack\cubeattack\x64\debug\guard.obj
d:\神秘大学生专用文件夹\c++程序设计\c++大作业\cubeattack\cubeattack\x64\debug\game.obj
d:\神秘大学生专用文件夹\c++程序设计\c++大作业\cubeattack\cubeattack\x64\debug\enemy.obj
d:\神秘大学生专用文件夹\c++程序设计\c++大作业\cubeattack\x64\debug\cubeattack.exe
d:\神秘大学生专用文件夹\c++程序设计\c++大作业\cubeattack\x64\debug\cubeattack.pdb
d:\神秘大学生专用文件夹\c++程序设计\c++大作业\cubeattack\cubeattack\x64\debug\cubeattack.ilk
d:\神秘大学生专用文件夹\c++程序设计\c++大作业\cubeattack\cubeattack\x64\debug\enemy.nativecodeanalysis.xml
d:\神秘大学生专用文件夹\c++程序设计\c++大作业\cubeattack\cubeattack\x64\debug\game.nativecodeanalysis.xml
d:\神秘大学生专用文件夹\c++程序设计\c++大作业\cubeattack\cubeattack\x64\debug\guard.nativecodeanalysis.xml
d:\神秘大学生专用文件夹\c++程序设计\c++大作业\cubeattack\cubeattack\x64\debug\main.nativecodeanalysis.xml
d:\神秘大学生专用文件夹\c++程序设计\c++大作业\cubeattack\cubeattack\x64\debug\map.nativecodeanalysis.xml
d:\神秘大学生专用文件夹\c++程序设计\c++大作业\cubeattack\cubeattack\x64\debug\pathfinding.nativecodeanalysis.xml
d:\神秘大学生专用文件夹\c++程序设计\c++大作业\cubeattack\cubeattack\x64\debug\utils.nativecodeanalysis.xml
d:\神秘大学生专用文件夹\c++程序设计\c++大作业\cubeattack\cubeattack\x64\debug\cheat solution.nativecodeanalysis.xml
d:\神秘大学生专用文件夹\c++程序设计\c++大作业\cubeattack\cubeattack\x64\debug\vc.nativecodeanalysis.all.xml
d:\神秘大学生专用文件夹\c++程序设计\c++大作业\cubeattack\cubeattack\x64\debug\cubeattack.tlog\cl.read.1.tlog
d:\神秘大学生专用文件夹\c++程序设计\c++大作业\cubeattack\cubeattack\x64\debug\cubeattack.tlog\cl.write.1.tlog
d:\神秘大学生专用文件夹\c++程序设计\c++大作业\cubeattack\cubeattack\x64\debug\cubeattack.tlog\cl.command.1.tlog
d:\神秘大学生专用文件夹\c++程序设计\c++大作业\cubeattack\cubeattack\x64\debug\cubeattack.tlog\link.read.2.tlog
d:\神秘大学生专用文件夹\c++程序设计\c++大作业\cubeattack\cubeattack\x64\debug\cubeattack.tlog\link.write.1.tlog
d:\神秘大学生专用文件夹\c++程序设计\c++大作业\cubeattack\cubeattack\x64\debug\cubeattack.tlog\link.secondary.1.tlog
d:\神秘大学生专用文件夹\c++程序设计\c++大作业\cubeattack\cubeattack\x64\debug\cubeattack.tlog\link.command.1.tlog
d:\神秘大学生专用文件夹\c++程序设计\c++大作业\cubeattack\cubeattack\x64\debug\cubeattack.tlog\cl.items.tlog
