Time resolution is 1 ps
Time=0 ns | clk=0 rst=0 addr=  x data=xx state=x sum=xxxx
Time=5000 ns | clk=1 rst=1 addr=  0 data=xx state=0 sum=0000
Time=10000 ns | clk=0 rst=1 addr=  0 data=xx state=0 sum=0000
Time=15000 ns | clk=1 rst=0 addr=  0 data=02 state=1 sum=0000
Time=20000 ns | clk=0 rst=0 addr=  0 data=02 state=1 sum=0000
Time=25000 ns | clk=1 rst=0 addr=  0 data=02 state=2 sum=0000
Time=30000 ns | clk=0 rst=0 addr=  0 data=02 state=2 sum=0000
Time=35000 ns | clk=1 rst=0 addr=  1 data=02 state=1 sum=0002
Time=40000 ns | clk=0 rst=0 addr=  1 data=02 state=1 sum=0002
Time=45000 ns | clk=1 rst=0 addr=  1 data=02 state=2 sum=0002
Time=50000 ns | clk=0 rst=0 addr=  1 data=02 state=2 sum=0002
Time=55000 ns | clk=1 rst=0 addr=  2 data=02 state=1 sum=0004
Time=60000 ns | clk=0 rst=0 addr=  2 data=02 state=1 sum=0004
Time=65000 ns | clk=1 rst=0 addr=  2 data=02 state=2 sum=0004
Time=70000 ns | clk=0 rst=0 addr=  2 data=02 state=2 sum=0004
Time=75000 ns | clk=1 rst=0 addr=  3 data=02 state=1 sum=0006
Time=80000 ns | clk=0 rst=0 addr=  3 data=02 state=1 sum=0006
Time=85000 ns | clk=1 rst=0 addr=  3 data=02 state=2 sum=0006
Time=90000 ns | clk=0 rst=0 addr=  3 data=02 state=2 sum=0006
Time=95000 ns | clk=1 rst=0 addr=  4 data=02 state=1 sum=0008
Time=100000 ns | clk=0 rst=0 addr=  4 data=02 state=1 sum=0008
Time=105000 ns | clk=1 rst=0 addr=  4 data=02 state=2 sum=0008
Time=110000 ns | clk=0 rst=0 addr=  4 data=02 state=2 sum=0008
Time=115000 ns | clk=1 rst=0 addr=  5 data=02 state=1 sum=000a
Time=120000 ns | clk=0 rst=0 addr=  5 data=02 state=1 sum=000a
Time=125000 ns | clk=1 rst=0 addr=  5 data=02 state=2 sum=000a
Time=130000 ns | clk=0 rst=0 addr=  5 data=02 state=2 sum=000a
Time=135000 ns | clk=1 rst=0 addr=  6 data=02 state=1 sum=000c
Time=140000 ns | clk=0 rst=0 addr=  6 data=02 state=1 sum=000c
Time=145000 ns | clk=1 rst=0 addr=  6 data=02 state=2 sum=000c
Time=150000 ns | clk=0 rst=0 addr=  6 data=02 state=2 sum=000c
Time=155000 ns | clk=1 rst=0 addr=  7 data=02 state=1 sum=000e
Time=160000 ns | clk=0 rst=0 addr=  7 data=02 state=1 sum=000e
Time=165000 ns | clk=1 rst=0 addr=  7 data=02 state=2 sum=000e
Time=170000 ns | clk=0 rst=0 addr=  7 data=02 state=2 sum=000e
Time=175000 ns | clk=1 rst=0 addr=  8 data=02 state=1 sum=0010
Time=180000 ns | clk=0 rst=0 addr=  8 data=02 state=1 sum=0010
Time=185000 ns | clk=1 rst=0 addr=  8 data=02 state=2 sum=0010
Time=190000 ns | clk=0 rst=0 addr=  8 data=02 state=2 sum=0010
Time=195000 ns | clk=1 rst=0 addr=  9 data=02 state=1 sum=0012
Time=200000 ns | clk=0 rst=0 addr=  9 data=02 state=1 sum=0012
Time=205000 ns | clk=1 rst=0 addr=  9 data=02 state=2 sum=0012
Time=210000 ns | clk=0 rst=0 addr=  9 data=02 state=2 sum=0012
Time=215000 ns | clk=1 rst=0 addr= 10 data=02 state=1 sum=0014
Time=220000 ns | clk=0 rst=0 addr= 10 data=02 state=1 sum=0014
Time=225000 ns | clk=1 rst=0 addr= 10 data=02 state=2 sum=0014
Time=230000 ns | clk=0 rst=0 addr= 10 data=02 state=2 sum=0014
Time=235000 ns | clk=1 rst=0 addr= 11 data=02 state=1 sum=0016
Time=240000 ns | clk=0 rst=0 addr= 11 data=02 state=1 sum=0016
Time=245000 ns | clk=1 rst=0 addr= 11 data=02 state=2 sum=0016
Time=250000 ns | clk=0 rst=0 addr= 11 data=02 state=2 sum=0016
Time=255000 ns | clk=1 rst=0 addr= 12 data=02 state=1 sum=0018
Time=260000 ns | clk=0 rst=0 addr= 12 data=02 state=1 sum=0018
Time=265000 ns | clk=1 rst=0 addr= 12 data=02 state=2 sum=0018
Time=270000 ns | clk=0 rst=0 addr= 12 data=02 state=2 sum=0018
Time=275000 ns | clk=1 rst=0 addr= 13 data=02 state=1 sum=001a
Time=280000 ns | clk=0 rst=0 addr= 13 data=02 state=1 sum=001a
Time=285000 ns | clk=1 rst=0 addr= 13 data=02 state=2 sum=001a
Time=290000 ns | clk=0 rst=0 addr= 13 data=02 state=2 sum=001a
Time=295000 ns | clk=1 rst=0 addr= 14 data=02 state=1 sum=001c
Time=300000 ns | clk=0 rst=0 addr= 14 data=02 state=1 sum=001c
Time=305000 ns | clk=1 rst=0 addr= 14 data=02 state=2 sum=001c
Time=310000 ns | clk=0 rst=0 addr= 14 data=02 state=2 sum=001c
Time=315000 ns | clk=1 rst=0 addr= 15 data=02 state=1 sum=001e
Time=320000 ns | clk=0 rst=0 addr= 15 data=02 state=1 sum=001e
Time=325000 ns | clk=1 rst=0 addr= 15 data=02 state=2 sum=001e
Time=330000 ns | clk=0 rst=0 addr= 15 data=02 state=2 sum=001e
Time=335000 ns | clk=1 rst=0 addr= 16 data=02 state=1 sum=0020
Time=340000 ns | clk=0 rst=0 addr= 16 data=02 state=1 sum=0020
Time=345000 ns | clk=1 rst=0 addr= 16 data=02 state=2 sum=0020
Time=350000 ns | clk=0 rst=0 addr= 16 data=02 state=2 sum=0020
Time=355000 ns | clk=1 rst=0 addr= 17 data=02 state=1 sum=0022
Time=360000 ns | clk=0 rst=0 addr= 17 data=02 state=1 sum=0022
Time=365000 ns | clk=1 rst=0 addr= 17 data=02 state=2 sum=0022
Time=370000 ns | clk=0 rst=0 addr= 17 data=02 state=2 sum=0022
Time=375000 ns | clk=1 rst=0 addr= 18 data=02 state=1 sum=0024
Time=380000 ns | clk=0 rst=0 addr= 18 data=02 state=1 sum=0024
Time=385000 ns | clk=1 rst=0 addr= 18 data=02 state=2 sum=0024
Time=390000 ns | clk=0 rst=0 addr= 18 data=02 state=2 sum=0024
Time=395000 ns | clk=1 rst=0 addr= 19 data=02 state=1 sum=0026
Time=400000 ns | clk=0 rst=0 addr= 19 data=02 state=1 sum=0026
Time=405000 ns | clk=1 rst=0 addr= 19 data=02 state=2 sum=0026
Time=410000 ns | clk=0 rst=0 addr= 19 data=02 state=2 sum=0026
Time=415000 ns | clk=1 rst=0 addr= 20 data=02 state=1 sum=0028
Time=420000 ns | clk=0 rst=0 addr= 20 data=02 state=1 sum=0028
Time=425000 ns | clk=1 rst=0 addr= 20 data=02 state=2 sum=0028
Time=430000 ns | clk=0 rst=0 addr= 20 data=02 state=2 sum=0028
Time=435000 ns | clk=1 rst=0 addr= 21 data=02 state=1 sum=002a
Time=440000 ns | clk=0 rst=0 addr= 21 data=02 state=1 sum=002a
Time=445000 ns | clk=1 rst=0 addr= 21 data=02 state=2 sum=002a
Time=450000 ns | clk=0 rst=0 addr= 21 data=02 state=2 sum=002a
Time=455000 ns | clk=1 rst=0 addr= 22 data=02 state=1 sum=002c
Time=460000 ns | clk=0 rst=0 addr= 22 data=02 state=1 sum=002c
Time=465000 ns | clk=1 rst=0 addr= 22 data=02 state=2 sum=002c
Time=470000 ns | clk=0 rst=0 addr= 22 data=02 state=2 sum=002c
Time=475000 ns | clk=1 rst=0 addr= 23 data=02 state=1 sum=002e
Time=480000 ns | clk=0 rst=0 addr= 23 data=02 state=1 sum=002e
Time=485000 ns | clk=1 rst=0 addr= 23 data=02 state=2 sum=002e
Time=490000 ns | clk=0 rst=0 addr= 23 data=02 state=2 sum=002e
Time=495000 ns | clk=1 rst=0 addr= 24 data=02 state=1 sum=0030
Time=500000 ns | clk=0 rst=0 addr= 24 data=02 state=1 sum=0030
Time=505000 ns | clk=1 rst=0 addr= 24 data=02 state=2 sum=0030
Time=510000 ns | clk=0 rst=0 addr= 24 data=02 state=2 sum=0030
Time=515000 ns | clk=1 rst=0 addr= 25 data=02 state=1 sum=0032
Time=520000 ns | clk=0 rst=0 addr= 25 data=02 state=1 sum=0032
Time=525000 ns | clk=1 rst=0 addr= 25 data=02 state=2 sum=0032
Time=530000 ns | clk=0 rst=0 addr= 25 data=02 state=2 sum=0032
Time=535000 ns | clk=1 rst=0 addr= 26 data=02 state=1 sum=0034
Time=540000 ns | clk=0 rst=0 addr= 26 data=02 state=1 sum=0034
Time=545000 ns | clk=1 rst=0 addr= 26 data=02 state=2 sum=0034
Time=550000 ns | clk=0 rst=0 addr= 26 data=02 state=2 sum=0034
Time=555000 ns | clk=1 rst=0 addr= 27 data=02 state=1 sum=0036
Time=560000 ns | clk=0 rst=0 addr= 27 data=02 state=1 sum=0036
Time=565000 ns | clk=1 rst=0 addr= 27 data=02 state=2 sum=0036
Time=570000 ns | clk=0 rst=0 addr= 27 data=02 state=2 sum=0036
Time=575000 ns | clk=1 rst=0 addr= 28 data=02 state=1 sum=0038
Time=580000 ns | clk=0 rst=0 addr= 28 data=02 state=1 sum=0038
Time=585000 ns | clk=1 rst=0 addr= 28 data=02 state=2 sum=0038
Time=590000 ns | clk=0 rst=0 addr= 28 data=02 state=2 sum=0038
Time=595000 ns | clk=1 rst=0 addr= 29 data=02 state=1 sum=003a
Time=600000 ns | clk=0 rst=0 addr= 29 data=02 state=1 sum=003a
Time=605000 ns | clk=1 rst=0 addr= 29 data=02 state=2 sum=003a
Time=610000 ns | clk=0 rst=0 addr= 29 data=02 state=2 sum=003a
Time=615000 ns | clk=1 rst=0 addr= 30 data=02 state=1 sum=003c
Time=620000 ns | clk=0 rst=0 addr= 30 data=02 state=1 sum=003c
Time=625000 ns | clk=1 rst=0 addr= 30 data=02 state=2 sum=003c
Time=630000 ns | clk=0 rst=0 addr= 30 data=02 state=2 sum=003c
Time=635000 ns | clk=1 rst=0 addr= 31 data=02 state=1 sum=003e
Time=640000 ns | clk=0 rst=0 addr= 31 data=02 state=1 sum=003e
Time=645000 ns | clk=1 rst=0 addr= 31 data=02 state=2 sum=003e
Time=650000 ns | clk=0 rst=0 addr= 31 data=02 state=2 sum=003e
Time=655000 ns | clk=1 rst=0 addr= 32 data=02 state=1 sum=0040
Time=660000 ns | clk=0 rst=0 addr= 32 data=02 state=1 sum=0040
Time=665000 ns | clk=1 rst=0 addr= 32 data=02 state=2 sum=0040
Time=670000 ns | clk=0 rst=0 addr= 32 data=02 state=2 sum=0040
Time=675000 ns | clk=1 rst=0 addr= 33 data=02 state=1 sum=0042
Time=680000 ns | clk=0 rst=0 addr= 33 data=02 state=1 sum=0042
Time=685000 ns | clk=1 rst=0 addr= 33 data=02 state=2 sum=0042
Time=690000 ns | clk=0 rst=0 addr= 33 data=02 state=2 sum=0042
Time=695000 ns | clk=1 rst=0 addr= 34 data=02 state=1 sum=0044
Time=700000 ns | clk=0 rst=0 addr= 34 data=02 state=1 sum=0044
Time=705000 ns | clk=1 rst=0 addr= 34 data=02 state=2 sum=0044
Time=710000 ns | clk=0 rst=0 addr= 34 data=02 state=2 sum=0044
Time=715000 ns | clk=1 rst=0 addr= 35 data=02 state=1 sum=0046
Time=720000 ns | clk=0 rst=0 addr= 35 data=02 state=1 sum=0046
Time=725000 ns | clk=1 rst=0 addr= 35 data=02 state=2 sum=0046
Time=730000 ns | clk=0 rst=0 addr= 35 data=02 state=2 sum=0046
Time=735000 ns | clk=1 rst=0 addr= 36 data=02 state=1 sum=0048
Time=740000 ns | clk=0 rst=0 addr= 36 data=02 state=1 sum=0048
Time=745000 ns | clk=1 rst=0 addr= 36 data=02 state=2 sum=0048
Time=750000 ns | clk=0 rst=0 addr= 36 data=02 state=2 sum=0048
Time=755000 ns | clk=1 rst=0 addr= 37 data=02 state=1 sum=004a
Time=760000 ns | clk=0 rst=0 addr= 37 data=02 state=1 sum=004a
Time=765000 ns | clk=1 rst=0 addr= 37 data=02 state=2 sum=004a
Time=770000 ns | clk=0 rst=0 addr= 37 data=02 state=2 sum=004a
Time=775000 ns | clk=1 rst=0 addr= 38 data=02 state=1 sum=004c
Time=780000 ns | clk=0 rst=0 addr= 38 data=02 state=1 sum=004c
Time=785000 ns | clk=1 rst=0 addr= 38 data=02 state=2 sum=004c
Time=790000 ns | clk=0 rst=0 addr= 38 data=02 state=2 sum=004c
Time=795000 ns | clk=1 rst=0 addr= 39 data=02 state=1 sum=004e
Time=800000 ns | clk=0 rst=0 addr= 39 data=02 state=1 sum=004e
Time=805000 ns | clk=1 rst=0 addr= 39 data=02 state=2 sum=004e
Time=810000 ns | clk=0 rst=0 addr= 39 data=02 state=2 sum=004e
Time=815000 ns | clk=1 rst=0 addr= 40 data=02 state=1 sum=0050
Time=820000 ns | clk=0 rst=0 addr= 40 data=02 state=1 sum=0050
Time=825000 ns | clk=1 rst=0 addr= 40 data=02 state=2 sum=0050
Time=830000 ns | clk=0 rst=0 addr= 40 data=02 state=2 sum=0050
Time=835000 ns | clk=1 rst=0 addr= 41 data=02 state=1 sum=0052
Time=840000 ns | clk=0 rst=0 addr= 41 data=02 state=1 sum=0052
Time=845000 ns | clk=1 rst=0 addr= 41 data=02 state=2 sum=0052
Time=850000 ns | clk=0 rst=0 addr= 41 data=02 state=2 sum=0052
Time=855000 ns | clk=1 rst=0 addr= 42 data=02 state=1 sum=0054
Time=860000 ns | clk=0 rst=0 addr= 42 data=02 state=1 sum=0054
Time=865000 ns | clk=1 rst=0 addr= 42 data=02 state=2 sum=0054
Time=870000 ns | clk=0 rst=0 addr= 42 data=02 state=2 sum=0054
Time=875000 ns | clk=1 rst=0 addr= 43 data=02 state=1 sum=0056
Time=880000 ns | clk=0 rst=0 addr= 43 data=02 state=1 sum=0056
Time=885000 ns | clk=1 rst=0 addr= 43 data=02 state=2 sum=0056
Time=890000 ns | clk=0 rst=0 addr= 43 data=02 state=2 sum=0056
Time=895000 ns | clk=1 rst=0 addr= 44 data=02 state=1 sum=0058
Time=900000 ns | clk=0 rst=0 addr= 44 data=02 state=1 sum=0058
Time=905000 ns | clk=1 rst=0 addr= 44 data=02 state=2 sum=0058
Time=910000 ns | clk=0 rst=0 addr= 44 data=02 state=2 sum=0058
Time=915000 ns | clk=1 rst=0 addr= 45 data=02 state=1 sum=005a
Time=920000 ns | clk=0 rst=0 addr= 45 data=02 state=1 sum=005a
Time=925000 ns | clk=1 rst=0 addr= 45 data=02 state=2 sum=005a
Time=930000 ns | clk=0 rst=0 addr= 45 data=02 state=2 sum=005a
Time=935000 ns | clk=1 rst=0 addr= 46 data=02 state=1 sum=005c
Time=940000 ns | clk=0 rst=0 addr= 46 data=02 state=1 sum=005c
Time=945000 ns | clk=1 rst=0 addr= 46 data=02 state=2 sum=005c
Time=950000 ns | clk=0 rst=0 addr= 46 data=02 state=2 sum=005c
Time=955000 ns | clk=1 rst=0 addr= 47 data=02 state=1 sum=005e
Time=960000 ns | clk=0 rst=0 addr= 47 data=02 state=1 sum=005e
Time=965000 ns | clk=1 rst=0 addr= 47 data=02 state=2 sum=005e
Time=970000 ns | clk=0 rst=0 addr= 47 data=02 state=2 sum=005e
Time=975000 ns | clk=1 rst=0 addr= 48 data=02 state=1 sum=0060
Time=980000 ns | clk=0 rst=0 addr= 48 data=02 state=1 sum=0060
Time=985000 ns | clk=1 rst=0 addr= 48 data=02 state=2 sum=0060
Time=990000 ns | clk=0 rst=0 addr= 48 data=02 state=2 sum=0060
Time=995000 ns | clk=1 rst=0 addr= 49 data=02 state=1 sum=0062
Time=1000000 ns | clk=0 rst=0 addr= 49 data=02 state=1 sum=0062
